// Jest Snapshot v1, https://goo.gl/fbAQLP

exports[`Prubas en FirsApp debe de hacer match con el snapshot 1`] = `
<div>
  <h1
    data-testid="test-title"
  >
    El tituuuuuulo
  </h1>
  <h2>
     
     
  </h2>
  <p>
     
     
  </p>
</div>
`;
